// Jest Snapshot v1, https://goo.gl/fbAQLP

exports[`Schedule render renders a Schedule with the correct properties 1`] = `
<div
  className="schedule"
>
  No games to display
</div>
`;
