// Jest Snapshot v1, https://goo.gl/fbAQLP

exports[`Game render renders a Game with the correct properties 1`] = `
<div>
  Away Team @ Home Team
</div>
`;
